# serializer version: 1
# name: test_all_garages
  list([
    Garage(
      availability_pct=57.5,
      free_parking=False,
      free_space=181,
      garage_id='72dc32bd8fe81dae0b9602a038aaeea392d64c30',
      is_open=True,
      latitude=51.05311004768356,
      longitude=3.719727740000235,
      name='Sint-Michiels',
      occupation_pct=42,
      parking_type='carPark',
      temporary_closed=False,
      total_capacity=315,
      updated_at=datetime.datetime(2022, 7, 15, 13, 36, 45, tzinfo=datetime.timezone(datetime.timedelta(seconds=7200))),
      url='https://stad.gent/nl/mobiliteit-openbare-werken/parkeren/parkings-gent/parking-sint-michiels',
    ),
    Garage(
      availability_pct=39.6,
      free_parking=False,
      free_space=174,
      garage_id='713cf9789dc799f115348ac45bbae7a4df89a13b',
      is_open=True,
      latitude=51.05215838523151,
      longitude=3.7298928896398924,
      name='Reep',
      occupation_pct=60,
      parking_type='carPark',
      temporary_closed=False,
      total_capacity=439,
      updated_at=datetime.datetime(2022, 7, 15, 13, 36, 45, tzinfo=datetime.timezone(datetime.timedelta(seconds=7200))),
      url='https://stad.gent/nl/mobiliteit-openbare-werken/parkeren/parkings-gent/parking-reep',
    ),
  ])
# ---
# name: test_bluebikes
  list([
    BlueBike(
      bikes_available=45,
      bikes_in_use=15,
      last_update=datetime.datetime(2023, 5, 6, 20, 34, 59, tzinfo=<DstTzInfo 'Europe/Brussels' LMT+0:18:00 STD>),
      latitude=51.056083,
      longitude=3.740194,
      name='Station Gent-Dampoort',
      spot_id=72,
      spot_type=1,
    ),
    BlueBike(
      bikes_available=45,
      bikes_in_use=15,
      last_update=datetime.datetime(2023, 5, 6, 20, 34, 59, tzinfo=<DstTzInfo 'Europe/Brussels' LMT+0:18:00 STD>),
      latitude=51.056083,
      longitude=3.740194,
      name='Station Gent-Dampoort',
      spot_id=72,
      spot_type=1,
    ),
    BlueBike(
      bikes_available=45,
      bikes_in_use=15,
      last_update=datetime.datetime(2023, 5, 6, 20, 34, 59, tzinfo=<DstTzInfo 'Europe/Brussels' LMT+0:18:00 STD>),
      latitude=51.056083,
      longitude=3.740194,
      name='Station Gent-Dampoort',
      spot_id=72,
      spot_type=1,
    ),
    BlueBike(
      bikes_available=45,
      bikes_in_use=15,
      last_update=datetime.datetime(2023, 5, 6, 20, 34, 59, tzinfo=<DstTzInfo 'Europe/Brussels' LMT+0:18:00 STD>),
      latitude=51.056083,
      longitude=3.740194,
      name='Station Gent-Dampoort',
      spot_id=72,
      spot_type=1,
    ),
  ])
# ---
# name: test_filter_park_and_rides
  list([
    ParkAndRide(
      availability_pct=29.0,
      free_parking=True,
      free_space=18,
      gentse_feesten=False,
      is_open=True,
      latitude=51.0985019636,
      longitude=3.71138627257,
      name='P+R Wondelgem',
      occupation_pct=70,
      parking_type='offStreetParkingGround',
      spot_id='3f38ec867beb355b795247f416c782cdb5695338',
      temporary_closed=False,
      total_capacity=62,
      updated_at=datetime.datetime(2022, 7, 15, 13, 30, 42, tzinfo=datetime.timezone(datetime.timedelta(seconds=7200))),
      url='https://stad.gent/nl/mobiliteit-openbare-werken/parkeren/park-and-ride-pr/pr-wondelgem-industrieweg',
    ),
    ParkAndRide(
      availability_pct=84.4,
      free_parking=True,
      free_space=211,
      gentse_feesten=True,
      is_open=True,
      latitude=51.0674048936,
      longitude=3.68175794804,
      name='P+R Bourgoyen',
      occupation_pct=15,
      parking_type='offStreetParkingGround',
      spot_id='ab99b16b828b42be404ad006b86ffd476ef2a708',
      temporary_closed=False,
      total_capacity=250,
      updated_at=datetime.datetime(2022, 7, 15, 14, 31, 1, tzinfo=datetime.timezone(datetime.timedelta(seconds=7200))),
      url='https://stad.gent/nl/mobiliteit-openbare-werken/parkeren/park-and-ride-pr/pr-bourgoyen',
    ),
  ])
# ---
# name: test_park_and_rides
  list([
    ParkAndRide(
      availability_pct=29.0,
      free_parking=True,
      free_space=18,
      gentse_feesten=False,
      is_open=True,
      latitude=51.0985019636,
      longitude=3.71138627257,
      name='P+R Wondelgem',
      occupation_pct=70,
      parking_type='offStreetParkingGround',
      spot_id='3f38ec867beb355b795247f416c782cdb5695338',
      temporary_closed=False,
      total_capacity=62,
      updated_at=datetime.datetime(2022, 7, 15, 13, 30, 42, tzinfo=datetime.timezone(datetime.timedelta(seconds=7200))),
      url='https://stad.gent/nl/mobiliteit-openbare-werken/parkeren/park-and-ride-pr/pr-wondelgem-industrieweg',
    ),
    ParkAndRide(
      availability_pct=84.4,
      free_parking=True,
      free_space=211,
      gentse_feesten=True,
      is_open=True,
      latitude=51.0674048936,
      longitude=3.68175794804,
      name='P+R Bourgoyen',
      occupation_pct=15,
      parking_type='offStreetParkingGround',
      spot_id='ab99b16b828b42be404ad006b86ffd476ef2a708',
      temporary_closed=False,
      total_capacity=250,
      updated_at=datetime.datetime(2022, 7, 15, 14, 31, 1, tzinfo=datetime.timezone(datetime.timedelta(seconds=7200))),
      url='https://stad.gent/nl/mobiliteit-openbare-werken/parkeren/park-and-ride-pr/pr-bourgoyen',
    ),
  ])
# ---
# name: test_partago
  list([
    Partago(
      last_update=datetime.datetime(2023, 5, 7, 12, 0, 8, 601000, tzinfo=<UTC>),
      latitude=51.047994818648135,
      longitude=3.717662708201117,
      name='Partago Quark',
      picture_url='https://firebasestorage.googleapis.com/v0/b/sizzling-torch-8026.appspot.com/o/images%2Fplaces%2Fquark.png?alt=media&token=281f4992-fb33-49e3-adbf-1cd51f5a45d5',
      station_type='free floating',
      vehicle_type=Vehicle(
        brand='Nissan',
        fuel_type='electric',
        mode='e-NV200 2018',
        transmission_type='automatic',
      ),
    ),
    Partago(
      last_update=datetime.datetime(2023, 5, 7, 12, 0, 8, 601000, tzinfo=<UTC>),
      latitude=51.044021518441454,
      longitude=3.7530556155420487,
      name='Partago Theo',
      picture_url='https://firebasestorage.googleapis.com/v0/b/sizzling-torch-8026.appspot.com/o/images%2Fplaces%2Fzoe_66percent.jpg?alt=media&token=948566aa-abf0-4909-8e4d-62177d686877',
      station_type='free floating',
      vehicle_type=Vehicle(
        brand='Renault',
        fuel_type='electric',
        mode='ZOE 50',
        transmission_type='automatic',
      ),
    ),
    Partago(
      last_update=datetime.datetime(2023, 5, 7, 12, 0, 8, 601000, tzinfo=<UTC>),
      latitude=51.03416087693723,
      longitude=3.7441249969609345,
      name='Partago Rox',
      picture_url='https://firebasestorage.googleapis.com/v0/b/sizzling-torch-8026.appspot.com/o/images%2Fplaces%2Fzoe_66percent.jpg?alt=media&token=948566aa-abf0-4909-8e4d-62177d686877',
      station_type='free floating',
      vehicle_type=Vehicle(
        brand='Renault',
        fuel_type='electric',
        mode='Zoé',
        transmission_type='automatic',
      ),
    ),
    Partago(
      last_update=datetime.datetime(2023, 5, 7, 12, 0, 8, 601000, tzinfo=<UTC>),
      latitude=51.0628833078908,
      longitude=3.7313283733281333,
      name='Partago Maxwell',
      picture_url='https://firebasestorage.googleapis.com/v0/b/sizzling-torch-8026.appspot.com/o/images%2Fplaces%2Fzoe_66percent.jpg?alt=media&token=948566aa-abf0-4909-8e4d-62177d686877',
      station_type='free floating',
      vehicle_type=Vehicle(
        brand='Renault',
        fuel_type='electric',
        mode='Zoé',
        transmission_type='automatic',
      ),
    ),
    Partago(
      last_update=datetime.datetime(2023, 5, 7, 12, 0, 8, 601000, tzinfo=<UTC>),
      latitude=51.0443421974434,
      longitude=3.760778443329769,
      name='Partago Wez',
      picture_url='https://firebasestorage.googleapis.com/v0/b/sizzling-torch-8026.appspot.com/o/images%2Fplaces%2Fzoe_66percent.jpg?alt=media&token=948566aa-abf0-4909-8e4d-62177d686877',
      station_type='free floating',
      vehicle_type=Vehicle(
        brand='Renault',
        fuel_type='electric',
        mode='Zoé',
        transmission_type='automatic',
      ),
    ),
  ])
# ---
